%!Adobe-FontList 1.18
%Locale:0x409

%BeginFont
Handler:DirectoryHandler
FontType:Invalid
OutlineFileName:F:\hoc_jquery\template_fn\Font\scss\font-awesome.scss
FileModTime:1495532632
%EndFont

%BeginFont
Handler:DirectoryHandler
FontType:Invalid
OutlineFileName:F:\hoc_jquery\template_fn\Font\scss\_animated.scss
FileModTime:1495532632
%EndFont

%BeginFont
Handler:DirectoryHandler
FontType:Invalid
OutlineFileName:F:\hoc_jquery\template_fn\Font\scss\_bordered-pulled.scss
FileModTime:1495532632
%EndFont

%BeginFont
Handler:DirectoryHandler
FontType:Invalid
OutlineFileName:F:\hoc_jquery\template_fn\Font\scss\_core.scss
FileModTime:1495532632
%EndFont

%BeginFont
Handler:DirectoryHandler
FontType:Invalid
OutlineFileName:F:\hoc_jquery\template_fn\Font\scss\_fixed-width.scss
FileModTime:1495532632
%EndFont

%BeginFont
Handler:DirectoryHandler
FontType:Invalid
OutlineFileName:F:\hoc_jquery\template_fn\Font\scss\_icons.scss
FileModTime:1495532632
%EndFont

%BeginFont
Handler:DirectoryHandler
FontType:Invalid
OutlineFileName:F:\hoc_jquery\template_fn\Font\scss\_larger.scss
FileModTime:1495532632
%EndFont

%BeginFont
Handler:DirectoryHandler
FontType:Invalid
OutlineFileName:F:\hoc_jquery\template_fn\Font\scss\_list.scss
FileModTime:1495532632
%EndFont

%BeginFont
Handler:DirectoryHandler
FontType:Invalid
OutlineFileName:F:\hoc_jquery\template_fn\Font\scss\_mixins.scss
FileModTime:1495532632
%EndFont

%BeginFont
Handler:DirectoryHandler
FontType:Invalid
OutlineFileName:F:\hoc_jquery\template_fn\Font\scss\_path.scss
FileModTime:1495532632
%EndFont

%BeginFont
Handler:DirectoryHandler
FontType:Invalid
OutlineFileName:F:\hoc_jquery\template_fn\Font\scss\_rotated-flipped.scss
FileModTime:1495532632
%EndFont

%BeginFont
Handler:DirectoryHandler
FontType:Invalid
OutlineFileName:F:\hoc_jquery\template_fn\Font\scss\_screen-reader.scss
FileModTime:1495532632
%EndFont

%BeginFont
Handler:DirectoryHandler
FontType:Invalid
OutlineFileName:F:\hoc_jquery\template_fn\Font\scss\_stacked.scss
FileModTime:1495532632
%EndFont

%BeginFont
Handler:DirectoryHandler
FontType:Invalid
OutlineFileName:F:\hoc_jquery\template_fn\Font\scss\_variables.scss
FileModTime:1495532632
%EndFont

%BeginFont
Handler:DirectoryHandler
FontType:Invalid
OutlineFileName:F:\hoc_jquery\template_fn\Font\less\animated.less
FileModTime:1495532632
%EndFont

%BeginFont
Handler:DirectoryHandler
FontType:Invalid
OutlineFileName:F:\hoc_jquery\template_fn\Font\less\bordered-pulled.less
FileModTime:1495532632
%EndFont

%BeginFont
Handler:DirectoryHandler
FontType:Invalid
OutlineFileName:F:\hoc_jquery\template_fn\Font\less\core.less
FileModTime:1495532632
%EndFont

%BeginFont
Handler:DirectoryHandler
FontType:Invalid
OutlineFileName:F:\hoc_jquery\template_fn\Font\less\fixed-width.less
FileModTime:1495532632
%EndFont

%BeginFont
Handler:DirectoryHandler
FontType:Invalid
OutlineFileName:F:\hoc_jquery\template_fn\Font\less\font-awesome.less
FileModTime:1495532632
%EndFont

%BeginFont
Handler:DirectoryHandler
FontType:Invalid
OutlineFileName:F:\hoc_jquery\template_fn\Font\less\icons.less
FileModTime:1495532632
%EndFont

%BeginFont
Handler:DirectoryHandler
FontType:Invalid
OutlineFileName:F:\hoc_jquery\template_fn\Font\less\larger.less
FileModTime:1495532632
%EndFont

%BeginFont
Handler:DirectoryHandler
FontType:Invalid
OutlineFileName:F:\hoc_jquery\template_fn\Font\less\list.less
FileModTime:1495532632
%EndFont

%BeginFont
Handler:DirectoryHandler
FontType:Invalid
OutlineFileName:F:\hoc_jquery\template_fn\Font\less\mixins.less
FileModTime:1495532632
%EndFont

%BeginFont
Handler:DirectoryHandler
FontType:Invalid
OutlineFileName:F:\hoc_jquery\template_fn\Font\less\path.less
FileModTime:1495532632
%EndFont

%BeginFont
Handler:DirectoryHandler
FontType:Invalid
OutlineFileName:F:\hoc_jquery\template_fn\Font\less\rotated-flipped.less
FileModTime:1495532632
%EndFont

%BeginFont
Handler:DirectoryHandler
FontType:Invalid
OutlineFileName:F:\hoc_jquery\template_fn\Font\less\screen-reader.less
FileModTime:1495532632
%EndFont

%BeginFont
Handler:DirectoryHandler
FontType:Invalid
OutlineFileName:F:\hoc_jquery\template_fn\Font\less\stacked.less
FileModTime:1495532632
%EndFont

%BeginFont
Handler:DirectoryHandler
FontType:Invalid
OutlineFileName:F:\hoc_jquery\template_fn\Font\less\variables.less
FileModTime:1495532632
%EndFont

%BeginFont
Handler:DirectoryHandler
FontType:Invalid
OutlineFileName:F:\hoc_jquery\template_fn\Font\fonts\fontawesome-webfont.eot
FileModTime:1495532632
%EndFont

%BeginFont
Handler:DirectoryHandler
FontType:Invalid
OutlineFileName:F:\hoc_jquery\template_fn\Font\fonts\fontawesome-webfont.svg
FileModTime:1495532632
%EndFont

%BeginFont
Handler:DirectoryHandler
FontType:TrueType
FontName:FontAwesome
FamilyName:FontAwesome
StyleName:Regular
FullName:FontAwesome
MenuName:FontAwesome
StyleBits:0
WritingScript:Roman
OutlineFileName:F:\hoc_jquery\template_fn\Font\fonts\fontawesome-webfont.ttf
DataFormat:sfntData
hasSVG:no
FileLength:165548
FileModTime:1495532632
WeightClass:400
WidthClass:5
AngleClass:0
NameArray:0,Mac,4,FontAwesome
NameArray:0,Win,1,FontAwesome
%EndFont

%BeginFont
Handler:DirectoryHandler
FontType:Invalid
OutlineFileName:F:\hoc_jquery\template_fn\Font\fonts\fontawesome-webfont.woff
FileModTime:1495532632
%EndFont

%BeginFont
Handler:DirectoryHandler
FontType:Invalid
OutlineFileName:F:\hoc_jquery\template_fn\Font\fonts\fontawesome-webfont.woff2
FileModTime:1495532632
%EndFont

%BeginFont
Handler:DirectoryHandler
FontType:Type1
FontName:FontAwesome
FamilyName:FontAwesome
StyleName:Regular
FullName:FontAwesome
MenuName:FontAwesome
StyleBits:0
WritingScript:Roman
OutlineFileName:F:\hoc_jquery\template_fn\Font\fonts\FontAwesome.otf
DataFormat:sfntData
UsesStandardEncoding:yes
isCFF:yes
hasSVG:no
FileLength:134808
FileModTime:1495532632
WeightClass:400
WidthClass:5
AngleClass:0
NameArray:0,Mac,4,FontAwesome
NameArray:0,Win,1,FontAwesome
%EndFont

%BeginFont
Handler:DirectoryHandler
FontType:Invalid
OutlineFileName:F:\hoc_jquery\template_fn\Font\css\font-awesome.css
FileModTime:1495532632
%EndFont

%BeginFont
Handler:DirectoryHandler
FontType:Invalid
OutlineFileName:F:\hoc_jquery\template_fn\Font\css\font-awesome.min.css
FileModTime:1495532634
%EndFont

